// Jest Snapshot v1, https://goo.gl/fbAQLP

exports[`Pruebas en <SearchPage /> Debe mostrar valores por defecto 1`] = `
<div>
  <h1>
    Search
  </h1>
  <hr />
  <div
    class="row animate__animated animate__fadeInUp"
  >
    <div
      class="col-5"
    >
      <h4>
        Searching
      </h4>
      <hr />
      <form>
        <input
          autocomplete="off"
          class="form-control"
          name="searchText"
          placeholder="Search a Hero"
          type="text"
          value=""
        />
      </form>
      <button
        class="btn btn-outline-primary mt-3"
      >
        Search
      </button>
    </div>
    <div
      class="col-7"
    >
      <h4>
        Results:
      </h4>
      <hr />
      <div
        class="alert alert-primary"
      >
        Search a hero
      </div>
    </div>
  </div>
</div>
`;
